// Vitest Snapshot v1, https://vitest.dev/guide/snapshot.html

exports[`full training-log.md parse (snapshot) > matches the pinned structural snapshot 1`] = `
{
  "meta": {
    "blockquote": "最后整理：2026-08-02

**来源优先级**：用户逐组原始上报 > 当日 \`memory/YYYY-MM-DD.md\` > 汇总/推算。
推算值会明确标记，跨门店、跨器械的配重不直接比较。",
  },
  "sectionHeadings": [
    "记录口径",
    "计划目标",
    "起始基线（2026-07-06）",
    "📊 训练日索引",
    "数据完整性说明",
    "复盘节点",
  ],
  "title": "🏋️ 训练日志（2026-07-10 起 · 12 周减脂计划）",
  "workouts": [
    {
      "authorTotal": "3,840 kg 抗阻 + 5 分钟有氧 + 核心 5 组",
      "date": "2026-07-13",
      "groupCount": 5,
      "gym": "宝龙旭辉乐刻",
      "notes": "完整记录",
      "sessionTime": null,
      "status": "complete",
      "type": "腿 + 核心",
      "weekday": "周一",
    },
    {
      "authorTotal": "3,541 kg 抗阻 + 4 分钟拉伸",
      "date": "2026-07-14",
      "groupCount": null,
      "gym": "宝龙旭辉乐刻",
      "notes": "完整记录",
      "sessionTime": null,
      "status": "complete",
      "type": "肩部私教加练",
      "weekday": "周二",
    },
    {
      "authorTotal": "约 3,983 kg",
      "date": "2026-07-15",
      "groupCount": null,
      "gym": "宝龙旭辉乐刻",
      "notes": "部分记录，二头和其他背部动作未完整上报",
      "sessionTime": null,
      "status": "partial",
      "type": "背 + 二头",
      "weekday": "周三",
    },
    {
      "authorTotal": null,
      "date": "2026-07-16",
      "groupCount": null,
      "gym": null,
      "notes": "部分记录，强度和具体时间未报",
      "sessionTime": null,
      "status": "partial",
      "type": "有氧",
      "weekday": "周四",
    },
    {
      "authorTotal": null,
      "date": "2026-07-17",
      "groupCount": null,
      "gym": null,
      "notes": null,
      "sessionTime": null,
      "status": "rest",
      "type": "休息",
      "weekday": "周五",
    },
    {
      "authorTotal": "33 组（腿 8、背 9、胸 14、核心 2）",
      "date": "2026-07-19",
      "groupCount": 33,
      "gym": "绿地外滩乐刻",
      "notes": "完整记录；绿地器械与其他门店不可直接比较",
      "sessionTime": {
        "durationMin": 206,
        "end": "17:59",
        "start": "14:33",
      },
      "status": "complete",
      "type": "全身训练",
      "weekday": "周日",
    },
    {
      "authorTotal": "约 7,275 kg",
      "date": "2026-07-21",
      "groupCount": null,
      "gym": "宝龙旭辉乐刻",
      "notes": "仅为 App 课表计划，不计入已完成训练",
      "sessionTime": null,
      "status": "planned",
      "type": "私教课计划，未确认执行",
      "weekday": "周二",
    },
    {
      "authorTotal": "约 10,730 kg；24 组（含自重核心）",
      "date": "2026-07-23",
      "groupCount": 24,
      "gym": "宝龙旭辉乐刻",
      "notes": "完整度较高；85 lb 坐姿推胸组仍未确认",
      "sessionTime": {
        "durationMin": undefined,
        "end": "22:36",
        "start": "21:20",
      },
      "status": "complete",
      "type": "胸 + 肩 + 核心",
      "weekday": "周四",
    },
    {
      "authorTotal": "约 1,896.5 kg（引体按净拉口径）",
      "date": "2026-07-24",
      "groupCount": null,
      "gym": "宝龙旭辉乐刻",
      "notes": "部分记录，二头动作未报",
      "sessionTime": null,
      "status": "partial",
      "type": "背部",
      "weekday": "周五",
    },
    {
      "authorTotal": "6,575 kg 抗阻 + 60 次波比跳",
      "date": "2026-07-25",
      "groupCount": null,
      "gym": "绿地外滩乐刻",
      "notes": "完整记录；夹胸单/双边口径仍待确认",
      "sessionTime": {
        "durationMin": 88,
        "end": "22:41",
        "start": "21:13",
      },
      "status": "complete",
      "type": "胸 + 腿 + 二头 + HIIT",
      "weekday": "周六",
    },
    {
      "authorTotal": "约 44 组，8 个动作",
      "date": "2026-07-26",
      "groupCount": 44,
      "gym": "海伦中心乐刻（首次建立基线）",
      "notes": "当日文件有完整汇总；未形成统一公斤总量",
      "sessionTime": {
        "durationMin": 87,
        "end": "20:44",
        "start": "19:17",
      },
      "status": "complete",
      "type": "肩 + 胸 + 三头 + 核心",
      "weekday": "周日",
    },
    {
      "authorTotal": "8,926 kg，21+ 组",
      "date": "2026-07-27",
      "groupCount": null,
      "gym": "招商外滩玺",
      "notes": "原始逐组消息已找回；部分器械的单双边口径以当晚最终汇总为准",
      "sessionTime": {
        "durationMin": undefined,
        "end": "22:45",
        "start": "21:37",
      },
      "status": "complete",
      "type": "背 + 核心",
      "weekday": "周一",
    },
    {
      "authorTotal": "23 组，256 次",
      "date": "2026-07-28",
      "groupCount": 23,
      "gym": "宝龙旭辉乐刻",
      "notes": "完整汇总；没有可靠统一公斤总量",
      "sessionTime": {
        "durationMin": 56,
        "end": "23:28",
        "start": "22:32",
      },
      "status": "complete",
      "type": "胸 + 三头 + 核心 + HIIT",
      "weekday": "周二",
    },
    {
      "authorTotal": null,
      "date": "2026-07-29",
      "groupCount": null,
      "gym": null,
      "notes": null,
      "sessionTime": null,
      "status": "rest",
      "type": "休息",
      "weekday": "周三",
    },
    {
      "authorTotal": "7,820 kg，13 组，172 次",
      "date": "2026-07-30",
      "groupCount": 13,
      "gym": "紫荆广场乐刻",
      "notes": "完整记录；首次自由深蹲日，跨店器械不可直接比较",
      "sessionTime": null,
      "status": "complete",
      "type": "腿 + 核心",
      "weekday": "周四",
    },
    {
      "authorTotal": "8,976 kg（辅助引体采用配重口径）",
      "date": "2026-07-31",
      "groupCount": null,
      "gym": "紫荆广场乐刻",
      "notes": "完整记录；紫荆广场背部基线建立",
      "sessionTime": {
        "durationMin": undefined,
        "end": "23:03",
        "start": "21:34",
      },
      "status": "complete",
      "type": "背 + 二头 + 核心",
      "weekday": "周五",
    },
    {
      "authorTotal": "8,570 kg，25 组",
      "date": "2026-08-01",
      "groupCount": 25,
      "gym": "招商外滩玺",
      "notes": "完整记录；原始微信聊天与 \`memory/2026-08-01.md\` 均存在",
      "sessionTime": {
        "durationMin": undefined,
        "end": "22:49",
        "start": "21:51",
      },
      "status": "complete",
      "type": "肩 + 胸 + 核心",
      "weekday": "周六",
    },
  ],
}
`;
